// Jest Snapshot v1, https://goo.gl/fbAQLP

exports[`get-goals-all returns all goals 1`] = `
{
  "content": [],
  "structuredContent": {
    "items": [
      {
        "created": "NORMALIZED_DATE",
        "createdBy": "489a71d6-c06e-404f-a053-06c7febaa539",
        "goalTypeConfig": "{}",
        "goalTypeId": "00000000-0000-0000-0000-000000000000",
        "id": "00000000-0000-0000-0000-000000000000",
        "isActive": true,
        "isInvalid": false,
        "isInverted": false,
        "isMain": false,
        "key": "e19c9e17-738a-47eb-8a42-fd960821a851",
        "name": "_Test Goal",
        "updated": null,
        "updatedBy": null,
        "value": 1,
      },
      {
        "created": "NORMALIZED_DATE",
        "createdBy": "489a71d6-c06e-404f-a053-06c7febaa539",
        "goalTypeConfig": "{}",
        "goalTypeId": "00000000-0000-0000-0000-000000000000",
        "id": "00000000-0000-0000-0000-000000000000",
        "isActive": true,
        "isInvalid": false,
        "isInverted": false,
        "isMain": false,
        "key": "1f3ae040-2913-4918-9d1f-08e91a6000ae",
        "name": "_Test Goal Details",
        "updated": null,
        "updatedBy": null,
        "value": 1,
      },
    ],
  },
}
`;
