// Jest Snapshot v1, https://goo.gl/fbAQLP

exports[`post-persona should create a new persona 1`] = `
{
  "content": [],
  "structuredContent": {
    "persona": {
      "createdByUmbracoUserKey": "00000000-0000-0000-0000-000000000000",
      "createdByUmbracoUserName": null,
      "createdOn": "NORMALIZED_DATE",
      "description": null,
      "expiration": null,
      "expirationType": "never",
      "id": 0,
      "minimumDeviation": 0,
      "minimumDeviationType": "Absolute",
      "minimumParticipationScoreThreshold": 25,
      "personas": [],
      "title": "_Test Persona Post",
      "unique": "00000000-0000-0000-0000-000000000000",
      "updatedByUmbracoUserKey": null,
      "updatedByUmbracoUserName": null,
      "updatedOn": null,
      "upperScoreLimit": 10,
    },
    "validationResults": {
      "errors": [],
      "isValid": true,
      "warnings": [],
    },
  },
}
`;
