// Jest Snapshot v1, https://goo.gl/fbAQLP

exports[`get-data-generation-logs returns data generation logs 1`] = `
{
  "content": [],
  "structuredContent": {
    "items": [
      {
        "errorMessage": null,
        "failed": false,
        "finished": "NORMALIZED_DATE",
        "started": "NORMALIZED_DATE",
      },
    ],
    "nextCursor": undefined,
    "total": 1,
  },
}
`;
