// Jest Snapshot v1, https://goo.gl/fbAQLP

exports[`get-customer-journey-empty should return a blank draft customer journey template 1`] = `
{
  "content": [],
  "structuredContent": {
    "createdByUmbracoUserKey": "00000000-0000-0000-0000-000000000000",
    "createdByUmbracoUserName": "NORMALIZED_USER",
    "createdOn": "NORMALIZED_DATE",
    "description": null,
    "expiration": 0,
    "expirationType": "never",
    "id": 0,
    "minimumDeviation": 0,
    "minimumDeviationType": "Absolute",
    "minimumParticipationScoreThreshold": 25,
    "steps": [],
    "title": null,
    "unique": "00000000-0000-0000-0000-000000000000",
    "updatedByUmbracoUserKey": null,
    "updatedByUmbracoUserName": null,
    "updatedOn": null,
    "upperScoreLimit": 10,
  },
}
`;
