// Jest Snapshot v1, https://goo.gl/fbAQLP

exports[`get-customer-journey-all returns an array of customer journeys 1`] = `
{
  "content": [],
  "structuredContent": {
    "items": [
      {
        "createdByUmbracoUserKey": "00000000-0000-0000-0000-000000000000",
        "createdByUmbracoUserName": "NORMALIZED_USER",
        "createdOn": "NORMALIZED_DATE",
        "description": "The well known customer journey as defined by Google.",
        "expiration": 0,
        "expirationType": null,
        "id": "00000000-0000-0000-0000-000000000000",
        "minimumDeviation": 0,
        "minimumDeviationType": "Absolute",
        "minimumParticipationScoreThreshold": 25,
        "steps": [
          {
            "color": "#FC391C",
            "createdByUmbracoUserKey": "00000000-0000-0000-0000-000000000000",
            "createdByUmbracoUserName": "NORMALIZED_USER",
            "createdOn": "NORMALIZED_DATE",
            "description": "Create awareness, first contact",
            "icon": "83c35cac-0686-4628-8ff5-7e91070d5aba",
            "iconUrl": "/media/eoliknpp/journey-speaker.png",
            "id": 0,
            "title": "See",
            "unique": "00000000-0000-0000-0000-000000000000",
            "updatedByUmbracoUserKey": null,
            "updatedByUmbracoUserName": null,
            "updatedOn": null,
          },
          {
            "color": "#FFBA00",
            "createdByUmbracoUserKey": "00000000-0000-0000-0000-000000000000",
            "createdByUmbracoUserName": "NORMALIZED_USER",
            "createdOn": "NORMALIZED_DATE",
            "description": "Consideration, customer recognizes need",
            "icon": "fd76b9cd-1d7f-4da5-8cd0-0b51fad7dc68",
            "iconUrl": "/media/ijzdasyw/journey-alternative-route.png",
            "id": 0,
            "title": "Think",
            "unique": "00000000-0000-0000-0000-000000000000",
            "updatedByUmbracoUserKey": null,
            "updatedByUmbracoUserName": null,
            "updatedOn": null,
          },
          {
            "color": "#2C7DFF",
            "createdByUmbracoUserKey": "00000000-0000-0000-0000-000000000000",
            "createdByUmbracoUserName": "NORMALIZED_USER",
            "createdOn": "NORMALIZED_DATE",
            "description": "The purchase takes place",
            "icon": "7de2d125-607e-476e-ae3c-752d900fbf3b",
            "iconUrl": "/media/vinljsyx/journey-cart.png",
            "id": 0,
            "title": "Do",
            "unique": "00000000-0000-0000-0000-000000000000",
            "updatedByUmbracoUserKey": null,
            "updatedByUmbracoUserName": null,
            "updatedOn": null,
          },
          {
            "color": "#11BC9B",
            "createdByUmbracoUserKey": "00000000-0000-0000-0000-000000000000",
            "createdByUmbracoUserName": "NORMALIZED_USER",
            "createdOn": "NORMALIZED_DATE",
            "description": "Retain and increase customer value",
            "icon": "9832610d-613a-4b88-b6bc-d38b371facc6",
            "iconUrl": "/media/qkvhilst/journey-conversation.png",
            "id": 0,
            "title": "Care",
            "unique": "00000000-0000-0000-0000-000000000000",
            "updatedByUmbracoUserKey": null,
            "updatedByUmbracoUserName": null,
            "updatedOn": null,
          },
        ],
        "title": "Customer Journey",
        "unique": "00000000-0000-0000-0000-000000000000",
        "updatedByUmbracoUserKey": null,
        "updatedByUmbracoUserName": null,
        "updatedOn": "NORMALIZED_DATE",
        "upperScoreLimit": 10,
      },
    ],
  },
}
`;
