// Jest Snapshot v1, https://jestjs.io/docs/snapshot-testing

exports[`get-customer-journey-all returns an array of customer journeys 1`] = `
{
  "content": [],
  "structuredContent": {
    "items": [
      {
        "createdByUmbracoUserKey": "00000000-0000-0000-0000-000000000000",
        "createdByUmbracoUserName": "NORMALIZED_USER",
        "createdOn": "NORMALIZED_DATE",
        "description": "The well known customer journey as defined by Google.",
        "expiration": 0,
        "expirationType": null,
        "id": "00000000-0000-0000-0000-000000000000",
        "minimumDeviation": 0,
        "minimumDeviationType": "Absolute",
        "minimumParticipationScoreThreshold": 25,
        "steps": [
          {
            "color": "#FC391C",
            "createdByUmbracoUserKey": "00000000-0000-0000-0000-000000000000",
            "createdByUmbracoUserName": "NORMALIZED_USER",
            "createdOn": "NORMALIZED_DATE",
            "description": "Create awareness, first contact",
            "icon": "00000000-0000-0000-0000-000000000000",
            "iconUrl": "NORMALIZED_MEDIA_URL",
            "id": 0,
            "title": "See",
            "unique": "00000000-0000-0000-0000-000000000000",
            "updatedByUmbracoUserKey": null,
            "updatedByUmbracoUserName": null,
            "updatedOn": null,
          },
          {
            "color": "#FFBA00",
            "createdByUmbracoUserKey": "00000000-0000-0000-0000-000000000000",
            "createdByUmbracoUserName": "NORMALIZED_USER",
            "createdOn": "NORMALIZED_DATE",
            "description": "Consideration, customer recognizes need",
            "icon": "00000000-0000-0000-0000-000000000000",
            "iconUrl": "NORMALIZED_MEDIA_URL",
            "id": 0,
            "title": "Think",
            "unique": "00000000-0000-0000-0000-000000000000",
            "updatedByUmbracoUserKey": null,
            "updatedByUmbracoUserName": null,
            "updatedOn": null,
          },
          {
            "color": "#2C7DFF",
            "createdByUmbracoUserKey": "00000000-0000-0000-0000-000000000000",
            "createdByUmbracoUserName": "NORMALIZED_USER",
            "createdOn": "NORMALIZED_DATE",
            "description": "The purchase takes place",
            "icon": "00000000-0000-0000-0000-000000000000",
            "iconUrl": "NORMALIZED_MEDIA_URL",
            "id": 0,
            "title": "Do",
            "unique": "00000000-0000-0000-0000-000000000000",
            "updatedByUmbracoUserKey": null,
            "updatedByUmbracoUserName": null,
            "updatedOn": null,
          },
          {
            "color": "#11BC9B",
            "createdByUmbracoUserKey": "00000000-0000-0000-0000-000000000000",
            "createdByUmbracoUserName": "NORMALIZED_USER",
            "createdOn": "NORMALIZED_DATE",
            "description": "Retain and increase customer value",
            "icon": "00000000-0000-0000-0000-000000000000",
            "iconUrl": "NORMALIZED_MEDIA_URL",
            "id": 0,
            "title": "Care",
            "unique": "00000000-0000-0000-0000-000000000000",
            "updatedByUmbracoUserKey": null,
            "updatedByUmbracoUserName": null,
            "updatedOn": null,
          },
        ],
        "title": "Customer Journey",
        "unique": "00000000-0000-0000-0000-000000000000",
        "updatedByUmbracoUserKey": null,
        "updatedByUmbracoUserName": null,
        "updatedOn": "NORMALIZED_DATE",
        "upperScoreLimit": 10,
      },
    ],
  },
}
`;
