// Jest Snapshot v1, https://jestjs.io/docs/snapshot-testing

exports[`post-customer-journey should create a new customer journey 1`] = `
{
  "content": [],
  "structuredContent": {
    "journey": {
      "createdByUmbracoUserKey": "00000000-0000-0000-0000-000000000000",
      "createdByUmbracoUserName": null,
      "createdOn": "NORMALIZED_DATE",
      "description": null,
      "expiration": 0,
      "expirationType": "never",
      "id": 0,
      "minimumDeviation": 0,
      "minimumDeviationType": "Absolute",
      "minimumParticipationScoreThreshold": 25,
      "steps": [],
      "title": "_Test Customer Journey Post",
      "unique": "00000000-0000-0000-0000-000000000000",
      "updatedByUmbracoUserKey": null,
      "updatedByUmbracoUserName": null,
      "updatedOn": null,
      "upperScoreLimit": 10,
    },
    "validationResults": {
      "errors": [],
      "isValid": true,
      "warnings": [],
    },
  },
}
`;
