// Jest Snapshot v1, https://goo.gl/fbAQLP

exports[`post-applied-personalization creates a new applied personalization 1`] = `
{
  "content": [],
  "structuredContent": {
    "contentTypes": [],
    "created": "NORMALIZED_DATE",
    "createdByUmbracoUserName": "MCP API User",
    "css": "",
    "description": "",
    "id": 0,
    "isActive": true,
    "javascript": "",
    "name": "",
    "pages": [],
    "previewUrl": null,
    "segment": null,
    "segmentId": null,
    "started": null,
    "type": "SinglePage",
    "umbracoSegmentAlias": "NORMALIZED_SEGMENT_ALIAS",
    "unique": "NORMALIZED_UNIQUE",
    "updatedByUmbracoUserName": null,
  },
}
`;
