// Jest Snapshot v1, https://goo.gl/fbAQLP

exports[`post-referral-scoring-unscored returns a page of unscored referrals 1`] = `
{
  "content": [],
  "structuredContent": {
    "currentPage": 1,
    "fromRow": 1,
    "itemsPerPage": 10,
    "rows": [],
    "toRow": 0,
    "totalPages": 0,
    "totalRowCount": 0,
  },
}
`;
