// Jest Snapshot v1, https://goo.gl/fbAQLP

exports[`get-ab-test-view-model returns the real, persisted A/B test's view model for a real unique 1`] = `
{
  "content": [],
  "structuredContent": {
    "indication": {
      "benchmarkConversionRate": 0,
      "bestNonBenchmarkVariant": {
        "abTestVariant": {
          "created": "NORMALIZED_DATE",
          "createdByUmbracoUserKey": "00000000-0000-0000-0000-000000000000",
          "css": "",
          "description": "",
          "disabled": null,
          "disabledByUmbracoUserKey": null,
          "id": 0,
          "isBenchmark": false,
          "isDisabled": false,
          "javascript": "",
          "name": "Variant B",
          "redirectNodeKey": null,
          "segment": "engage_ab-testing_NORMALIZED_ID",
          "totalPageviewsForVariant": 0,
          "totalVisitorsForVariant": 0,
          "unique": "00000000-0000-0000-0000-000000000000",
        },
        "benchmarkGoalCompletions": 0,
        "benchmarkVisitors": 0,
        "conversionRate": 0,
        "goalCompletions": 0,
        "mainGoalComparisons": [],
        "visitors": 0,
      },
      "bestNonWinningVariantConversionChange": 0,
      "bestPrognosis": {
        "conversionIncrease": 0.1,
        "currentVisitors": 0,
        "estimatedRuntimeInDays": null,
        "expectedDailyVisitors": 0,
        "isHurtingMainConversion": false,
        "isReliable": false,
        "remainingVisitors": 30246,
        "requiredVisitorsTotal": 30246,
        "variantId": 0,
      },
      "completedByUsername": null,
      "completedOn": null,
      "currentRuntimeInDays": 0,
      "currentVisitors": 0,
      "currentVisitorsPerVariant": 0,
      "earliestReliableVariant": {
        "abTestVariant": {
          "created": "NORMALIZED_DATE",
          "createdByUmbracoUserKey": "00000000-0000-0000-0000-000000000000",
          "css": "",
          "description": "",
          "disabled": null,
          "disabledByUmbracoUserKey": null,
          "id": 0,
          "isBenchmark": true,
          "isDisabled": false,
          "javascript": "",
          "name": "Original",
          "redirectNodeKey": null,
          "segment": "",
          "totalPageviewsForVariant": 0,
          "totalVisitorsForVariant": 0,
          "unique": "00000000-0000-0000-0000-000000000000",
        },
        "benchmarkGoalCompletions": 0,
        "benchmarkVisitors": 0,
        "conversionRate": 0,
        "goalCompletions": 0,
        "mainGoalComparisons": [],
        "visitors": 0,
      },
      "estimatedRequiredRuntimeRemainingInDays": null,
      "estimatedRuntimeInDays": null,
      "expectedDailyVisitors": 0,
      "hasSelectedWinner": false,
      "hasSurpassedViableVisitorThreshold": false,
      "hurtingVariants": [],
      "isInvertedGoal": false,
      "mde": 0.1,
      "originalVariantIsWinning": true,
      "reliableVariants": 0,
      "requiredVisitorsPerVariant": 30246,
      "requiredVisitorsTotal": 60492,
      "startTime": null,
      "status": "Draft",
      "stoppedByUsername": null,
      "stoppedOn": null,
      "targetConversionRate": 0,
      "variantCount": 2,
      "variantStatus": {
        "VARIANT_0": "Draft",
        "VARIANT_1": "Draft",
      },
      "winner": null,
      "winnerConversionChange": 0,
      "winningVariant": {
        "abTestVariant": {
          "created": "NORMALIZED_DATE",
          "createdByUmbracoUserKey": "00000000-0000-0000-0000-000000000000",
          "css": "",
          "description": "",
          "disabled": null,
          "disabledByUmbracoUserKey": null,
          "id": 0,
          "isBenchmark": true,
          "isDisabled": false,
          "javascript": "",
          "name": "Original",
          "redirectNodeKey": null,
          "segment": "",
          "totalPageviewsForVariant": 0,
          "totalVisitorsForVariant": 0,
          "unique": "00000000-0000-0000-0000-000000000000",
        },
        "benchmarkGoalCompletions": 0,
        "benchmarkVisitors": 0,
        "conversionRate": 0,
        "goalCompletions": 0,
        "mainGoalComparisons": [],
        "visitors": 0,
      },
      "winningVariantConversionChange": 0,
    },
    "isInvertedGoal": false,
    "test": {
      "baselineConversionRate": 0.05,
      "completedByUmbracoUserKey": null,
      "completedOn": null,
      "contentTypes": [],
      "created": "NORMALIZED_DATE",
      "createdByUmbracoUserName": "NORMALIZED_USER",
      "description": "",
      "endTime": null,
      "estimatedDailyVisitors": 0,
      "goal": {
        "created": "NORMALIZED_DATE",
        "createdBy": "00000000-0000-0000-0000-000000000000",
        "goalTypeConfig": "{}",
        "goalTypeId": "00000000-0000-0000-0000-000000000000",
        "id": 0,
        "isActive": true,
        "isInvalid": false,
        "isInverted": false,
        "isMain": false,
        "key": "00000000-0000-0000-0000-000000000000",
        "name": "_Test AB Test Goal",
        "updated": null,
        "updatedBy": null,
        "value": 1,
      },
      "goalId": 0,
      "id": 0,
      "isCompleted": false,
      "minimumDetectableEffect": 0.1,
      "name": "_Test AB Test",
      "participationPercentage": 1,
      "projectId": null,
      "startTime": null,
      "status": "Draft",
      "stoppedByUmbracoUserKey": null,
      "testType": "SinglePage",
      "umbracoPageVariants": [],
      "unique": "00000000-0000-0000-0000-000000000000",
      "variants": [
        {
          "abTestId": 0,
          "created": "NORMALIZED_DATE",
          "createdByUmbracoUserKey": "00000000-0000-0000-0000-000000000000",
          "css": "",
          "description": "",
          "disabled": null,
          "disabledByUmbracoUserKey": null,
          "id": 0,
          "isBenchmark": true,
          "isDisabled": false,
          "javascript": "",
          "name": "Original",
          "redirectNodeKey": null,
          "segment": null,
          "totalPageviewsForVariant": 0,
          "totalVisitorsForVariant": 0,
          "unique": "00000000-0000-0000-0000-000000000000",
        },
        {
          "abTestId": 0,
          "created": "NORMALIZED_DATE",
          "createdByUmbracoUserKey": "00000000-0000-0000-0000-000000000000",
          "css": "",
          "description": "",
          "disabled": null,
          "disabledByUmbracoUserKey": null,
          "id": 0,
          "isBenchmark": false,
          "isDisabled": false,
          "javascript": "",
          "name": "Variant B",
          "redirectNodeKey": null,
          "segment": "engage_ab-testing_NORMALIZED_ID",
          "totalPageviewsForVariant": 0,
          "totalVisitorsForVariant": 0,
          "unique": "00000000-0000-0000-0000-000000000000",
        },
      ],
      "viableVisitorThreshold": null,
      "winner": null,
    },
    "variants": [
      {
        "abTestId": 0,
        "conversionRate": 0,
        "conversionRateImprovement": 0,
        "conversionRateImprovementRelative": 0,
        "created": "NORMALIZED_DATE",
        "createdByUmbracoUserKey": "00000000-0000-0000-0000-000000000000",
        "css": "",
        "currentTotalPageviewCount": 0,
        "currentTotalParticipantCount": 0,
        "description": "",
        "difference": 0,
        "disabled": null,
        "disabledByUmbracoUserKey": null,
        "goalCompletions": 0,
        "goalValue": 1,
        "goalWarning": false,
        "id": "00000000-0000-0000-0000-000000000000",
        "isBenchmark": true,
        "isDisabled": false,
        "isLeading": true,
        "isWinner": false,
        "javascript": "",
        "label": "A",
        "mainGoalComparisons": [],
        "mainGoalWarning": false,
        "name": "Original",
        "participantPortion": 0,
        "previewUrl": null,
        "redirectNodeKey": null,
        "requiredTotalVisitorCount": 30246,
        "segment": "",
        "status": "Draft",
        "totalPageviewsForVariant": 0,
        "totalVisitorsForVariant": 0,
        "unique": "00000000-0000-0000-0000-000000000000",
        "visitorsPortion": 0,
      },
      {
        "abTestId": 0,
        "conversionRate": 0,
        "conversionRateImprovement": 0,
        "conversionRateImprovementRelative": 0,
        "created": "NORMALIZED_DATE",
        "createdByUmbracoUserKey": "00000000-0000-0000-0000-000000000000",
        "css": "",
        "currentTotalPageviewCount": 0,
        "currentTotalParticipantCount": 0,
        "description": "",
        "difference": 0,
        "disabled": null,
        "disabledByUmbracoUserKey": null,
        "goalCompletions": 0,
        "goalValue": 1,
        "goalWarning": false,
        "id": "00000000-0000-0000-0000-000000000000",
        "isBenchmark": false,
        "isDisabled": false,
        "isLeading": true,
        "isWinner": false,
        "javascript": "",
        "label": "B",
        "mainGoalComparisons": [],
        "mainGoalWarning": false,
        "name": "Variant B",
        "participantPortion": 0,
        "previewUrl": null,
        "redirectNodeKey": null,
        "requiredTotalVisitorCount": 30246,
        "segment": "engage_ab-testing_NORMALIZED_ID",
        "status": "Draft",
        "totalPageviewsForVariant": 0,
        "totalVisitorsForVariant": 0,
        "unique": "00000000-0000-0000-0000-000000000000",
        "visitorsPortion": 0,
      },
    ],
  },
}
`;
