// Jest Snapshot v1, https://jestjs.io/docs/snapshot-testing

exports[`get-ab-test-empty returns the blank draft template for a single-page test 1`] = `
{
  "content": [],
  "structuredContent": {
    "indication": null,
    "isInvertedGoal": false,
    "test": {
      "baselineConversionRate": 0.05,
      "completedByUmbracoUserKey": null,
      "completedOn": null,
      "contentTypes": [],
      "created": "NORMALIZED_DATE",
      "createdByUmbracoUserName": null,
      "description": null,
      "endTime": null,
      "estimatedDailyVisitors": 0,
      "goal": null,
      "goalId": null,
      "id": 0,
      "isCompleted": false,
      "minimumDetectableEffect": 0.1,
      "name": null,
      "participationPercentage": 1,
      "projectId": null,
      "startTime": null,
      "status": "Draft",
      "stoppedByUmbracoUserKey": null,
      "testType": "SinglePage",
      "umbracoPageVariants": [],
      "unique": "NORMALIZED_UNIQUE",
      "variants": [
        {
          "abTestId": 0,
          "created": "NORMALIZED_DATE",
          "createdByUmbracoUserKey": "00000000-0000-0000-0000-000000000000",
          "css": null,
          "description": null,
          "disabled": null,
          "disabledByUmbracoUserKey": null,
          "id": 0,
          "isBenchmark": true,
          "isDisabled": false,
          "javascript": null,
          "name": "Original",
          "redirectNodeKey": null,
          "segment": null,
          "totalPageviewsForVariant": 0,
          "totalVisitorsForVariant": 0,
          "unique": "NORMALIZED_UNIQUE",
        },
        {
          "abTestId": 0,
          "created": "NORMALIZED_DATE",
          "createdByUmbracoUserKey": "00000000-0000-0000-0000-000000000000",
          "css": null,
          "description": null,
          "disabled": null,
          "disabledByUmbracoUserKey": null,
          "id": 0,
          "isBenchmark": false,
          "isDisabled": false,
          "javascript": null,
          "name": null,
          "redirectNodeKey": null,
          "segment": null,
          "totalPageviewsForVariant": 0,
          "totalVisitorsForVariant": 0,
          "unique": "NORMALIZED_UNIQUE",
        },
      ],
      "viableVisitorThreshold": null,
      "winner": null,
    },
    "variants": null,
  },
}
`;
