// Jest Snapshot v1, https://jestjs.io/docs/snapshot-testing

exports[`post-ab-test-runtime-indication computes a runtime indication from minimal, caller-meaningful inputs 1`] = `
{
  "content": [],
  "structuredContent": {
    "benchmarkConversionRate": 0,
    "bestNonBenchmarkVariant": {
      "abTestVariant": {
        "created": "NORMALIZED_DATE",
        "createdByUmbracoUserKey": "00000000-0000-0000-0000-000000000000",
        "css": "",
        "description": "",
        "disabled": null,
        "disabledByUmbracoUserKey": null,
        "id": 0,
        "isBenchmark": false,
        "isDisabled": false,
        "javascript": "",
        "name": "Variant B",
        "redirectNodeKey": null,
        "segment": "",
        "totalPageviewsForVariant": 0,
        "totalVisitorsForVariant": 0,
        "unique": "NORMALIZED_UNIQUE",
      },
      "benchmarkGoalCompletions": 0,
      "benchmarkVisitors": 0,
      "conversionRate": 0,
      "goalCompletions": 0,
      "mainGoalComparisons": [],
      "visitors": 0,
    },
    "bestNonWinningVariantConversionChange": 0,
    "bestPrognosis": {
      "conversionIncrease": 0.1,
      "currentVisitors": 0,
      "estimatedRuntimeInDays": null,
      "expectedDailyVisitors": 0,
      "isHurtingMainConversion": false,
      "isReliable": false,
      "remainingVisitors": 30246,
      "requiredVisitorsTotal": 30246,
      "variantId": 0,
    },
    "completedByUsername": null,
    "completedOn": null,
    "currentRuntimeInDays": 0,
    "currentVisitors": 0,
    "currentVisitorsPerVariant": 0,
    "earliestReliableVariant": {
      "abTestVariant": {
        "created": "NORMALIZED_DATE",
        "createdByUmbracoUserKey": "00000000-0000-0000-0000-000000000000",
        "css": "",
        "description": "",
        "disabled": null,
        "disabledByUmbracoUserKey": null,
        "id": 0,
        "isBenchmark": true,
        "isDisabled": false,
        "javascript": "",
        "name": "Original",
        "redirectNodeKey": null,
        "segment": "",
        "totalPageviewsForVariant": 0,
        "totalVisitorsForVariant": 0,
        "unique": "NORMALIZED_UNIQUE",
      },
      "benchmarkGoalCompletions": 0,
      "benchmarkVisitors": 0,
      "conversionRate": 0,
      "goalCompletions": 0,
      "mainGoalComparisons": [],
      "visitors": 0,
    },
    "estimatedRequiredRuntimeRemainingInDays": null,
    "estimatedRuntimeInDays": null,
    "expectedDailyVisitors": 0,
    "hasSelectedWinner": false,
    "hasSurpassedViableVisitorThreshold": false,
    "hurtingVariants": [],
    "isInvertedGoal": false,
    "mde": 0.1,
    "originalVariantIsWinning": true,
    "reliableVariants": 0,
    "requiredVisitorsPerVariant": 30246,
    "requiredVisitorsTotal": 60492,
    "startTime": null,
    "status": "Draft",
    "stoppedByUsername": null,
    "stoppedOn": null,
    "targetConversionRate": 0,
    "variantCount": 2,
    "variantStatus": {
      "0": "Draft",
    },
    "winner": null,
    "winnerConversionChange": 0,
    "winningVariant": {
      "abTestVariant": {
        "created": "NORMALIZED_DATE",
        "createdByUmbracoUserKey": "00000000-0000-0000-0000-000000000000",
        "css": "",
        "description": "",
        "disabled": null,
        "disabledByUmbracoUserKey": null,
        "id": 0,
        "isBenchmark": true,
        "isDisabled": false,
        "javascript": "",
        "name": "Original",
        "redirectNodeKey": null,
        "segment": "",
        "totalPageviewsForVariant": 0,
        "totalVisitorsForVariant": 0,
        "unique": "NORMALIZED_UNIQUE",
      },
      "benchmarkGoalCompletions": 0,
      "benchmarkVisitors": 0,
      "conversionRate": 0,
      "goalCompletions": 0,
      "mainGoalComparisons": [],
      "visitors": 0,
    },
    "winningVariantConversionChange": 0,
  },
}
`;
