// Jest Snapshot v1, https://goo.gl/fbAQLP

exports[`post-ab-test-variant-details computes variant details from minimal, caller-supplied variant names 1`] = `
{
  "content": [],
  "structuredContent": {
    "items": [
      {
        "abTestId": 0,
        "conversionRate": 0,
        "conversionRateImprovement": 0,
        "conversionRateImprovementRelative": 0,
        "created": "NORMALIZED_DATE",
        "createdByUmbracoUserKey": "00000000-0000-0000-0000-000000000000",
        "css": "",
        "currentTotalPageviewCount": 0,
        "currentTotalParticipantCount": 0,
        "description": "",
        "difference": 0,
        "disabled": null,
        "disabledByUmbracoUserKey": null,
        "goalCompletions": 0,
        "goalValue": 0,
        "goalWarning": false,
        "id": 0,
        "isBenchmark": true,
        "isDisabled": false,
        "isLeading": true,
        "isWinner": false,
        "javascript": "",
        "label": "A",
        "mainGoalComparisons": [],
        "mainGoalWarning": false,
        "name": "Original",
        "participantPortion": 0,
        "previewUrl": null,
        "redirectNodeKey": null,
        "requiredTotalVisitorCount": 30246,
        "segment": "",
        "status": "Draft",
        "totalPageviewsForVariant": 0,
        "totalVisitorsForVariant": 0,
        "unique": "NORMALIZED_UNIQUE",
        "visitorsPortion": 0,
      },
      {
        "abTestId": 0,
        "conversionRate": 0,
        "conversionRateImprovement": 0,
        "conversionRateImprovementRelative": 0,
        "created": "NORMALIZED_DATE",
        "createdByUmbracoUserKey": "00000000-0000-0000-0000-000000000000",
        "css": "",
        "currentTotalPageviewCount": 0,
        "currentTotalParticipantCount": 0,
        "description": "",
        "difference": 0,
        "disabled": null,
        "disabledByUmbracoUserKey": null,
        "goalCompletions": 0,
        "goalValue": 0,
        "goalWarning": false,
        "id": 0,
        "isBenchmark": false,
        "isDisabled": false,
        "isLeading": true,
        "isWinner": false,
        "javascript": "",
        "label": "B",
        "mainGoalComparisons": [],
        "mainGoalWarning": false,
        "name": "Variant B",
        "participantPortion": 0,
        "previewUrl": null,
        "redirectNodeKey": null,
        "requiredTotalVisitorCount": 30246,
        "segment": "",
        "status": "Draft",
        "totalPageviewsForVariant": 0,
        "totalVisitorsForVariant": 0,
        "unique": "NORMALIZED_UNIQUE",
        "visitorsPortion": 0,
      },
    ],
  },
}
`;
