// Jest Snapshot v1, https://goo.gl/fbAQLP

exports[`post-annotations creates a new annotation 1`] = `
{
  "content": [],
  "structuredContent": {
    "created": "NORMALIZED_DATE",
    "createdByUserName": "_test",
    "description": "_Test Annotation post-annotations",
    "id": 0,
    "invalid": false,
    "pageVariants": [],
    "timestamp": "1970-01-01T00:00:00.000Z",
    "visibility": "Always",
  },
}
`;
