// Jest Snapshot v1, https://jestjs.io/docs/snapshot-testing

exports[`post-profile-export-csv returns a CSV export for the current filter 1`] = `
{
  "content": [],
  "structuredContent": {
    "csv": "Type,Sessions,Pageviews,First session,Last session,Total goal completions,Total goal value,Id,Profile url,Member name,Member e-mail
",
  },
}
`;
