// Jest Snapshot v1, https://goo.gl/fbAQLP

exports[`get-ab-test-project-all finds this fixture's own project in the full list 1`] = `
{
  "content": [],
  "structuredContent": {
    "items": [
      {
        "abTests": [],
        "amountOfActiveTests": 0,
        "amountOfTests": 0,
        "archived": false,
        "created": "NORMALIZED_DATE",
        "createdByUmbracoUserName": "NORMALIZED_USER",
        "description": "Test project",
        "id": "00000000-0000-0000-0000-000000000000",
        "invalid": false,
        "name": "Test project",
        "unique": "12efe737-6e67-47a5-b0bd-d6c5ea5bb61c",
      },
    ],
  },
}
`;
