// Jest Snapshot v1, https://goo.gl/fbAQLP

exports[`put-ab-test-project updates an existing A/B test project 1`] = `
{
  "content": [],
  "structuredContent": {
    "abTests": [],
    "amountOfActiveTests": 0,
    "amountOfTests": 0,
    "archived": false,
    "created": "NORMALIZED_DATE",
    "createdByUmbracoUserName": "Engage",
    "description": "Updated test project",
    "id": 0,
    "invalid": false,
    "name": "Updated test project",
    "unique": "12efe737-6e67-47a5-b0bd-d6c5ea5bb61c",
  },
}
`;
