// Jest Snapshot v1, https://goo.gl/fbAQLP

exports[`get-data-cleanup-last-run returns the last data-cleanup run 1`] = `
{
  "content": [],
  "structuredContent": {
    "anonymizeAfterDays": 730,
    "anonymizedVisitors": 0,
    "databaseSchemaComplete": true,
    "deleteAfterDays": 1095,
    "deletedPageviews": 0,
    "deletedVisitors": 0,
    "errorMessage": null,
    "failed": false,
    "finished": "NORMALIZED_DATE",
    "started": "NORMALIZED_DATE",
    "totalDurationMs": 0,
  },
}
`;
