// Jest Snapshot v1, https://goo.gl/fbAQLP

exports[`get-data-cleanup-runs returns data-cleanup runs 1`] = `
{
  "content": [],
  "structuredContent": {
    "items": [
      {
        "details": [
          {
            "durationMs": 0,
            "errorMessage": null,
            "executor": "AnalyticsDataAnonymizerService",
            "failed": false,
            "recordsAffected": 0,
            "tableName": "umbracoEngageAnalyticsSession",
          },
          {
            "durationMs": 0,
            "errorMessage": null,
            "executor": "AnalyticsControlGroupDataCleanupService",
            "failed": false,
            "recordsAffected": 0,
            "tableName": "umbracoEngagePersonalizationVisitorSegmentSettings",
          },
          {
            "durationMs": 0,
            "errorMessage": null,
            "executor": "AnalyticsRawDataCleanupService",
            "failed": false,
            "recordsAffected": 0,
            "tableName": "umbracoEngageAnalyticsRawClientSideData",
          },
          {
            "durationMs": 0,
            "errorMessage": null,
            "executor": "AnalyticsRawDataCleanupService",
            "failed": false,
            "recordsAffected": 0,
            "tableName": "umbracoEngageAnalyticsRawCustomPageviewData",
          },
          {
            "durationMs": 0,
            "errorMessage": null,
            "executor": "PageviewCleanupService",
            "failed": false,
            "recordsAffected": 0,
            "tableName": "umbracoEngageAnalyticsPageview",
          },
          {
            "durationMs": 0,
            "errorMessage": null,
            "executor": "SessionCleanupService",
            "failed": false,
            "recordsAffected": 0,
            "tableName": "umbracoEngageAnalyticsSession",
          },
          {
            "durationMs": 0,
            "errorMessage": null,
            "executor": "VisitorCleanupService",
            "failed": false,
            "recordsAffected": 0,
            "tableName": "umbracoEngageAnalyticsVisitor",
          },
          {
            "durationMs": 0,
            "errorMessage": null,
            "executor": "IpAddressCleanupService",
            "failed": false,
            "recordsAffected": 0,
            "tableName": "umbracoEngageAnalyticsIpAddress",
          },
          {
            "durationMs": 0,
            "errorMessage": null,
            "executor": "DeviceCleanupService",
            "failed": false,
            "recordsAffected": 0,
            "tableName": "umbracoEngageAnalyticsDevice",
          },
          {
            "durationMs": 0,
            "errorMessage": null,
            "executor": "PageVariantCleanupService",
            "failed": false,
            "recordsAffected": 0,
            "tableName": "umbracoEngageAnalyticsUmbracoPageVariant",
          },
          {
            "durationMs": 0,
            "errorMessage": null,
            "executor": "RemainingUmbracoFormsSubmissionCleanupService",
            "failed": false,
            "recordsAffected": 0,
            "tableName": "umbracoEngageAnalyticsUmbracoFormsField",
          },
        ],
        "failed": false,
        "finished": "NORMALIZED_DATE",
        "runId": "00000000-0000-0000-0000-000000000000",
        "started": "NORMALIZED_DATE",
        "totalDurationMs": 0,
        "totalRecordsAffected": 0,
      },
      {
        "details": [
          {
            "durationMs": 0,
            "errorMessage": null,
            "executor": "AnalyticsDataAnonymizerService",
            "failed": false,
            "recordsAffected": 0,
            "tableName": "umbracoEngageAnalyticsSession",
          },
          {
            "durationMs": 0,
            "errorMessage": null,
            "executor": "AnalyticsControlGroupDataCleanupService",
            "failed": false,
            "recordsAffected": 0,
            "tableName": "umbracoEngagePersonalizationVisitorSegmentSettings",
          },
          {
            "durationMs": 0,
            "errorMessage": null,
            "executor": "AnalyticsRawDataCleanupService",
            "failed": false,
            "recordsAffected": 0,
            "tableName": "umbracoEngageAnalyticsRawClientSideData",
          },
          {
            "durationMs": 0,
            "errorMessage": null,
            "executor": "AnalyticsRawDataCleanupService",
            "failed": false,
            "recordsAffected": 0,
            "tableName": "umbracoEngageAnalyticsRawCustomPageviewData",
          },
          {
            "durationMs": 0,
            "errorMessage": null,
            "executor": "PageviewCleanupService",
            "failed": false,
            "recordsAffected": 0,
            "tableName": "umbracoEngageAnalyticsPageview",
          },
          {
            "durationMs": 0,
            "errorMessage": null,
            "executor": "SessionCleanupService",
            "failed": false,
            "recordsAffected": 0,
            "tableName": "umbracoEngageAnalyticsSession",
          },
          {
            "durationMs": 0,
            "errorMessage": null,
            "executor": "VisitorCleanupService",
            "failed": false,
            "recordsAffected": 0,
            "tableName": "umbracoEngageAnalyticsVisitor",
          },
          {
            "durationMs": 0,
            "errorMessage": null,
            "executor": "IpAddressCleanupService",
            "failed": false,
            "recordsAffected": 0,
            "tableName": "umbracoEngageAnalyticsIpAddress",
          },
          {
            "durationMs": 0,
            "errorMessage": null,
            "executor": "DeviceCleanupService",
            "failed": false,
            "recordsAffected": 0,
            "tableName": "umbracoEngageAnalyticsDevice",
          },
          {
            "durationMs": 0,
            "errorMessage": null,
            "executor": "PageVariantCleanupService",
            "failed": false,
            "recordsAffected": 0,
            "tableName": "umbracoEngageAnalyticsUmbracoPageVariant",
          },
          {
            "durationMs": 0,
            "errorMessage": null,
            "executor": "RemainingUmbracoFormsSubmissionCleanupService",
            "failed": false,
            "recordsAffected": 0,
            "tableName": "umbracoEngageAnalyticsUmbracoFormsField",
          },
        ],
        "failed": false,
        "finished": "NORMALIZED_DATE",
        "runId": "00000000-0000-0000-0000-000000000000",
        "started": "NORMALIZED_DATE",
        "totalDurationMs": 0,
        "totalRecordsAffected": 0,
      },
      {
        "details": [
          {
            "durationMs": 0,
            "errorMessage": null,
            "executor": "AnalyticsDataAnonymizerService",
            "failed": false,
            "recordsAffected": 0,
            "tableName": "umbracoEngageAnalyticsSession",
          },
          {
            "durationMs": 0,
            "errorMessage": null,
            "executor": "AnalyticsControlGroupDataCleanupService",
            "failed": false,
            "recordsAffected": 0,
            "tableName": "umbracoEngagePersonalizationVisitorSegmentSettings",
          },
          {
            "durationMs": 0,
            "errorMessage": null,
            "executor": "AnalyticsRawDataCleanupService",
            "failed": false,
            "recordsAffected": 0,
            "tableName": "umbracoEngageAnalyticsRawClientSideData",
          },
          {
            "durationMs": 0,
            "errorMessage": null,
            "executor": "AnalyticsRawDataCleanupService",
            "failed": false,
            "recordsAffected": 0,
            "tableName": "umbracoEngageAnalyticsRawCustomPageviewData",
          },
          {
            "durationMs": 0,
            "errorMessage": null,
            "executor": "PageviewCleanupService",
            "failed": false,
            "recordsAffected": 0,
            "tableName": "umbracoEngageAnalyticsPageview",
          },
          {
            "durationMs": 0,
            "errorMessage": null,
            "executor": "SessionCleanupService",
            "failed": false,
            "recordsAffected": 0,
            "tableName": "umbracoEngageAnalyticsSession",
          },
          {
            "durationMs": 0,
            "errorMessage": null,
            "executor": "VisitorCleanupService",
            "failed": false,
            "recordsAffected": 0,
            "tableName": "umbracoEngageAnalyticsVisitor",
          },
          {
            "durationMs": 0,
            "errorMessage": null,
            "executor": "IpAddressCleanupService",
            "failed": false,
            "recordsAffected": 0,
            "tableName": "umbracoEngageAnalyticsIpAddress",
          },
          {
            "durationMs": 0,
            "errorMessage": null,
            "executor": "DeviceCleanupService",
            "failed": false,
            "recordsAffected": 0,
            "tableName": "umbracoEngageAnalyticsDevice",
          },
          {
            "durationMs": 0,
            "errorMessage": null,
            "executor": "PageVariantCleanupService",
            "failed": false,
            "recordsAffected": 0,
            "tableName": "umbracoEngageAnalyticsUmbracoPageVariant",
          },
          {
            "durationMs": 0,
            "errorMessage": null,
            "executor": "RemainingUmbracoFormsSubmissionCleanupService",
            "failed": false,
            "recordsAffected": 0,
            "tableName": "umbracoEngageAnalyticsUmbracoFormsField",
          },
        ],
        "failed": false,
        "finished": "NORMALIZED_DATE",
        "runId": "00000000-0000-0000-0000-000000000000",
        "started": "NORMALIZED_DATE",
        "totalDurationMs": 0,
        "totalRecordsAffected": 0,
      },
      {
        "details": [
          {
            "durationMs": 0,
            "errorMessage": null,
            "executor": "AnalyticsDataAnonymizerService",
            "failed": false,
            "recordsAffected": 0,
            "tableName": "umbracoEngageAnalyticsSession",
          },
          {
            "durationMs": 0,
            "errorMessage": null,
            "executor": "AnalyticsControlGroupDataCleanupService",
            "failed": false,
            "recordsAffected": 0,
            "tableName": "umbracoEngagePersonalizationVisitorSegmentSettings",
          },
          {
            "durationMs": 0,
            "errorMessage": null,
            "executor": "AnalyticsRawDataCleanupService",
            "failed": false,
            "recordsAffected": 0,
            "tableName": "umbracoEngageAnalyticsRawClientSideData",
          },
          {
            "durationMs": 0,
            "errorMessage": null,
            "executor": "AnalyticsRawDataCleanupService",
            "failed": false,
            "recordsAffected": 0,
            "tableName": "umbracoEngageAnalyticsRawCustomPageviewData",
          },
          {
            "durationMs": 0,
            "errorMessage": null,
            "executor": "PageviewCleanupService",
            "failed": false,
            "recordsAffected": 0,
            "tableName": "umbracoEngageAnalyticsPageview",
          },
          {
            "durationMs": 0,
            "errorMessage": null,
            "executor": "SessionCleanupService",
            "failed": false,
            "recordsAffected": 0,
            "tableName": "umbracoEngageAnalyticsSession",
          },
          {
            "durationMs": 0,
            "errorMessage": null,
            "executor": "VisitorCleanupService",
            "failed": false,
            "recordsAffected": 0,
            "tableName": "umbracoEngageAnalyticsVisitor",
          },
          {
            "durationMs": 0,
            "errorMessage": null,
            "executor": "IpAddressCleanupService",
            "failed": false,
            "recordsAffected": 0,
            "tableName": "umbracoEngageAnalyticsIpAddress",
          },
          {
            "durationMs": 0,
            "errorMessage": null,
            "executor": "DeviceCleanupService",
            "failed": false,
            "recordsAffected": 0,
            "tableName": "umbracoEngageAnalyticsDevice",
          },
          {
            "durationMs": 0,
            "errorMessage": null,
            "executor": "PageVariantCleanupService",
            "failed": false,
            "recordsAffected": 0,
            "tableName": "umbracoEngageAnalyticsUmbracoPageVariant",
          },
          {
            "durationMs": 0,
            "errorMessage": null,
            "executor": "RemainingUmbracoFormsSubmissionCleanupService",
            "failed": false,
            "recordsAffected": 0,
            "tableName": "umbracoEngageAnalyticsUmbracoFormsField",
          },
        ],
        "failed": false,
        "finished": "NORMALIZED_DATE",
        "runId": "00000000-0000-0000-0000-000000000000",
        "started": "NORMALIZED_DATE",
        "totalDurationMs": 0,
        "totalRecordsAffected": 0,
      },
    ],
    "nextCursor": undefined,
    "total": 4,
  },
}
`;
