// Jest Snapshot v1, https://goo.gl/fbAQLP

exports[`get-data-cleanup-logs returns data-cleanup logs 1`] = `
{
  "content": [],
  "structuredContent": {
    "items": [
      {
        "durationMs": 4,
        "errorMessage": null,
        "executor": "RemainingUmbracoFormsSubmissionCleanupService",
        "failed": false,
        "finished": "2026-08-19T09:10:27.39Z",
        "recordsAffected": 0,
        "runId": "ca5199c0-2de5-4c7f-a82a-f8a440413880",
        "started": "2026-08-19T09:10:27.3833333Z",
        "tableName": "umbracoEngageAnalyticsUmbracoFormsField",
      },
      {
        "durationMs": 3,
        "errorMessage": null,
        "executor": "PageVariantCleanupService",
        "failed": false,
        "finished": "2026-08-19T09:10:27.3833333Z",
        "recordsAffected": 0,
        "runId": "ca5199c0-2de5-4c7f-a82a-f8a440413880",
        "started": "2026-08-19T09:10:27.38Z",
        "tableName": "umbracoEngageAnalyticsUmbracoPageVariant",
      },
      {
        "durationMs": 4,
        "errorMessage": null,
        "executor": "DeviceCleanupService",
        "failed": false,
        "finished": "2026-08-19T09:10:27.3766667Z",
        "recordsAffected": 0,
        "runId": "ca5199c0-2de5-4c7f-a82a-f8a440413880",
        "started": "2026-08-19T09:10:27.3733333Z",
        "tableName": "umbracoEngageAnalyticsDevice",
      },
      {
        "durationMs": 2,
        "errorMessage": null,
        "executor": "IpAddressCleanupService",
        "failed": false,
        "finished": "2026-08-19T09:10:27.37Z",
        "recordsAffected": 0,
        "runId": "ca5199c0-2de5-4c7f-a82a-f8a440413880",
        "started": "2026-08-19T09:10:27.3666667Z",
        "tableName": "umbracoEngageAnalyticsIpAddress",
      },
      {
        "durationMs": 3,
        "errorMessage": null,
        "executor": "VisitorCleanupService",
        "failed": false,
        "finished": "2026-08-19T09:10:27.3633333Z",
        "recordsAffected": 0,
        "runId": "ca5199c0-2de5-4c7f-a82a-f8a440413880",
        "started": "2026-08-19T09:10:27.3633333Z",
        "tableName": "umbracoEngageAnalyticsVisitor",
      },
      {
        "durationMs": 3,
        "errorMessage": null,
        "executor": "SessionCleanupService",
        "failed": false,
        "finished": "2026-08-19T09:10:27.36Z",
        "recordsAffected": 0,
        "runId": "ca5199c0-2de5-4c7f-a82a-f8a440413880",
        "started": "2026-08-19T09:10:27.3566667Z",
        "tableName": "umbracoEngageAnalyticsSession",
      },
      {
        "durationMs": 5,
        "errorMessage": null,
        "executor": "PageviewCleanupService",
        "failed": false,
        "finished": "2026-08-19T09:10:27.3533333Z",
        "recordsAffected": 0,
        "runId": "ca5199c0-2de5-4c7f-a82a-f8a440413880",
        "started": "2026-08-19T09:10:27.35Z",
        "tableName": "umbracoEngageAnalyticsPageview",
      },
      {
        "durationMs": 1,
        "errorMessage": null,
        "executor": "AnalyticsRawDataCleanupService",
        "failed": false,
        "finished": "2026-08-19T09:10:27.3466667Z",
        "recordsAffected": 0,
        "runId": "ca5199c0-2de5-4c7f-a82a-f8a440413880",
        "started": "2026-08-19T09:10:27.3466667Z",
        "tableName": "umbracoEngageAnalyticsRawCustomPageviewData",
      },
      {
        "durationMs": 3,
        "errorMessage": null,
        "executor": "AnalyticsRawDataCleanupService",
        "failed": false,
        "finished": "2026-08-19T09:10:27.3433333Z",
        "recordsAffected": 0,
        "runId": "ca5199c0-2de5-4c7f-a82a-f8a440413880",
        "started": "2026-08-19T09:10:27.34Z",
        "tableName": "umbracoEngageAnalyticsRawClientSideData",
      },
      {
        "durationMs": 2,
        "errorMessage": null,
        "executor": "AnalyticsControlGroupDataCleanupService",
        "failed": false,
        "finished": "2026-08-19T09:10:27.3366667Z",
        "recordsAffected": 0,
        "runId": "ca5199c0-2de5-4c7f-a82a-f8a440413880",
        "started": "2026-08-19T09:10:27.3366667Z",
        "tableName": "umbracoEngagePersonalizationVisitorSegmentSettings",
      },
      {
        "durationMs": 14,
        "errorMessage": null,
        "executor": "AnalyticsDataAnonymizerService",
        "failed": false,
        "finished": "2026-08-19T09:10:27.33Z",
        "recordsAffected": 0,
        "runId": "ca5199c0-2de5-4c7f-a82a-f8a440413880",
        "started": "2026-08-19T09:10:27.3133333Z",
        "tableName": "umbracoEngageAnalyticsSession",
      },
      {
        "durationMs": 3,
        "errorMessage": null,
        "executor": "RemainingUmbracoFormsSubmissionCleanupService",
        "failed": false,
        "finished": "2026-08-19T08:44:48.0866667Z",
        "recordsAffected": 0,
        "runId": "a1ec00da-84b3-4d1e-8260-c6417242ec87",
        "started": "2026-08-19T08:44:48.0833333Z",
        "tableName": "umbracoEngageAnalyticsUmbracoFormsField",
      },
      {
        "durationMs": 4,
        "errorMessage": null,
        "executor": "PageVariantCleanupService",
        "failed": false,
        "finished": "2026-08-19T08:44:48.08Z",
        "recordsAffected": 0,
        "runId": "a1ec00da-84b3-4d1e-8260-c6417242ec87",
        "started": "2026-08-19T08:44:48.0766667Z",
        "tableName": "umbracoEngageAnalyticsUmbracoPageVariant",
      },
      {
        "durationMs": 2,
        "errorMessage": null,
        "executor": "DeviceCleanupService",
        "failed": false,
        "finished": "2026-08-19T08:44:48.0733333Z",
        "recordsAffected": 0,
        "runId": "a1ec00da-84b3-4d1e-8260-c6417242ec87",
        "started": "2026-08-19T08:44:48.07Z",
        "tableName": "umbracoEngageAnalyticsDevice",
      },
      {
        "durationMs": 3,
        "errorMessage": null,
        "executor": "IpAddressCleanupService",
        "failed": false,
        "finished": "2026-08-19T08:44:48.0666667Z",
        "recordsAffected": 0,
        "runId": "a1ec00da-84b3-4d1e-8260-c6417242ec87",
        "started": "2026-08-19T08:44:48.0666667Z",
        "tableName": "umbracoEngageAnalyticsIpAddress",
      },
      {
        "durationMs": 4,
        "errorMessage": null,
        "executor": "VisitorCleanupService",
        "failed": false,
        "finished": "2026-08-19T08:44:48.0633333Z",
        "recordsAffected": 0,
        "runId": "a1ec00da-84b3-4d1e-8260-c6417242ec87",
        "started": "2026-08-19T08:44:48.06Z",
        "tableName": "umbracoEngageAnalyticsVisitor",
      },
      {
        "durationMs": 3,
        "errorMessage": null,
        "executor": "SessionCleanupService",
        "failed": false,
        "finished": "2026-08-19T08:44:48.0566667Z",
        "recordsAffected": 0,
        "runId": "a1ec00da-84b3-4d1e-8260-c6417242ec87",
        "started": "2026-08-19T08:44:48.0533333Z",
        "tableName": "umbracoEngageAnalyticsSession",
      },
      {
        "durationMs": 5,
        "errorMessage": null,
        "executor": "PageviewCleanupService",
        "failed": false,
        "finished": "2026-08-19T08:44:48.05Z",
        "recordsAffected": 0,
        "runId": "a1ec00da-84b3-4d1e-8260-c6417242ec87",
        "started": "2026-08-19T08:44:48.0466667Z",
        "tableName": "umbracoEngageAnalyticsPageview",
      },
      {
        "durationMs": 2,
        "errorMessage": null,
        "executor": "AnalyticsRawDataCleanupService",
        "failed": false,
        "finished": "2026-08-19T08:44:48.0433333Z",
        "recordsAffected": 0,
        "runId": "a1ec00da-84b3-4d1e-8260-c6417242ec87",
        "started": "2026-08-19T08:44:48.04Z",
        "tableName": "umbracoEngageAnalyticsRawCustomPageviewData",
      },
      {
        "durationMs": 4,
        "errorMessage": null,
        "executor": "AnalyticsRawDataCleanupService",
        "failed": false,
        "finished": "2026-08-19T08:44:48.04Z",
        "recordsAffected": 0,
        "runId": "a1ec00da-84b3-4d1e-8260-c6417242ec87",
        "started": "2026-08-19T08:44:48.0333333Z",
        "tableName": "umbracoEngageAnalyticsRawClientSideData",
      },
      {
        "durationMs": 2,
        "errorMessage": null,
        "executor": "AnalyticsControlGroupDataCleanupService",
        "failed": false,
        "finished": "2026-08-19T08:44:48.0333333Z",
        "recordsAffected": 0,
        "runId": "a1ec00da-84b3-4d1e-8260-c6417242ec87",
        "started": "2026-08-19T08:44:48.03Z",
        "tableName": "umbracoEngagePersonalizationVisitorSegmentSettings",
      },
      {
        "durationMs": 16,
        "errorMessage": null,
        "executor": "AnalyticsDataAnonymizerService",
        "failed": false,
        "finished": "2026-08-19T08:44:48.0233333Z",
        "recordsAffected": 0,
        "runId": "a1ec00da-84b3-4d1e-8260-c6417242ec87",
        "started": "2026-08-19T08:44:48.0066667Z",
        "tableName": "umbracoEngageAnalyticsSession",
      },
      {
        "durationMs": 8,
        "errorMessage": null,
        "executor": "RemainingUmbracoFormsSubmissionCleanupService",
        "failed": false,
        "finished": "2026-08-19T08:23:02.6266667Z",
        "recordsAffected": 0,
        "runId": "68c7ae80-bc19-4b62-af29-c88241ff2505",
        "started": "2026-08-19T08:23:02.62Z",
        "tableName": "umbracoEngageAnalyticsUmbracoFormsField",
      },
      {
        "durationMs": 11,
        "errorMessage": null,
        "executor": "PageVariantCleanupService",
        "failed": false,
        "finished": "2026-08-19T08:23:02.6166667Z",
        "recordsAffected": 0,
        "runId": "68c7ae80-bc19-4b62-af29-c88241ff2505",
        "started": "2026-08-19T08:23:02.6066667Z",
        "tableName": "umbracoEngageAnalyticsUmbracoPageVariant",
      },
      {
        "durationMs": 6,
        "errorMessage": null,
        "executor": "DeviceCleanupService",
        "failed": false,
        "finished": "2026-08-19T08:23:02.6033333Z",
        "recordsAffected": 0,
        "runId": "68c7ae80-bc19-4b62-af29-c88241ff2505",
        "started": "2026-08-19T08:23:02.5966667Z",
        "tableName": "umbracoEngageAnalyticsDevice",
      },
      {
        "durationMs": 8,
        "errorMessage": null,
        "executor": "IpAddressCleanupService",
        "failed": false,
        "finished": "2026-08-19T08:23:02.5933333Z",
        "recordsAffected": 0,
        "runId": "68c7ae80-bc19-4b62-af29-c88241ff2505",
        "started": "2026-08-19T08:23:02.5833333Z",
        "tableName": "umbracoEngageAnalyticsIpAddress",
      },
      {
        "durationMs": 9,
        "errorMessage": null,
        "executor": "VisitorCleanupService",
        "failed": false,
        "finished": "2026-08-19T08:23:02.5833333Z",
        "recordsAffected": 0,
        "runId": "68c7ae80-bc19-4b62-af29-c88241ff2505",
        "started": "2026-08-19T08:23:02.5733333Z",
        "tableName": "umbracoEngageAnalyticsVisitor",
      },
      {
        "durationMs": 8,
        "errorMessage": null,
        "executor": "SessionCleanupService",
        "failed": false,
        "finished": "2026-08-19T08:23:02.57Z",
        "recordsAffected": 0,
        "runId": "68c7ae80-bc19-4b62-af29-c88241ff2505",
        "started": "2026-08-19T08:23:02.5633333Z",
        "tableName": "umbracoEngageAnalyticsSession",
      },
      {
        "durationMs": 18,
        "errorMessage": null,
        "executor": "PageviewCleanupService",
        "failed": false,
        "finished": "2026-08-19T08:23:02.56Z",
        "recordsAffected": 0,
        "runId": "68c7ae80-bc19-4b62-af29-c88241ff2505",
        "started": "2026-08-19T08:23:02.54Z",
        "tableName": "umbracoEngageAnalyticsPageview",
      },
      {
        "durationMs": 4,
        "errorMessage": null,
        "executor": "AnalyticsRawDataCleanupService",
        "failed": false,
        "finished": "2026-08-19T08:23:02.54Z",
        "recordsAffected": 0,
        "runId": "68c7ae80-bc19-4b62-af29-c88241ff2505",
        "started": "2026-08-19T08:23:02.5333333Z",
        "tableName": "umbracoEngageAnalyticsRawCustomPageviewData",
      },
      {
        "durationMs": 7,
        "errorMessage": null,
        "executor": "AnalyticsRawDataCleanupService",
        "failed": false,
        "finished": "2026-08-19T08:23:02.5333333Z",
        "recordsAffected": 0,
        "runId": "68c7ae80-bc19-4b62-af29-c88241ff2505",
        "started": "2026-08-19T08:23:02.5233333Z",
        "tableName": "umbracoEngageAnalyticsRawClientSideData",
      },
      {
        "durationMs": 4,
        "errorMessage": null,
        "executor": "AnalyticsControlGroupDataCleanupService",
        "failed": false,
        "finished": "2026-08-19T08:23:02.5233333Z",
        "recordsAffected": 0,
        "runId": "68c7ae80-bc19-4b62-af29-c88241ff2505",
        "started": "2026-08-19T08:23:02.5166667Z",
        "tableName": "umbracoEngagePersonalizationVisitorSegmentSettings",
      },
      {
        "durationMs": 18,
        "errorMessage": null,
        "executor": "AnalyticsDataAnonymizerService",
        "failed": false,
        "finished": "2026-08-19T08:23:02.51Z",
        "recordsAffected": 0,
        "runId": "68c7ae80-bc19-4b62-af29-c88241ff2505",
        "started": "2026-08-19T08:23:02.49Z",
        "tableName": "umbracoEngageAnalyticsSession",
      },
    ],
    "nextCursor": undefined,
    "total": 33,
  },
}
`;
