// Jest Snapshot v1, https://goo.gl/fbAQLP

exports[`get-data-cleanup-runs returns data-cleanup runs 1`] = `
{
  "content": [],
  "structuredContent": {
    "items": [
      {
        "details": [
          {
            "durationMs": 14,
            "errorMessage": null,
            "executor": "AnalyticsDataAnonymizerService",
            "failed": false,
            "recordsAffected": 0,
            "tableName": "umbracoEngageAnalyticsSession",
          },
          {
            "durationMs": 2,
            "errorMessage": null,
            "executor": "AnalyticsControlGroupDataCleanupService",
            "failed": false,
            "recordsAffected": 0,
            "tableName": "umbracoEngagePersonalizationVisitorSegmentSettings",
          },
          {
            "durationMs": 3,
            "errorMessage": null,
            "executor": "AnalyticsRawDataCleanupService",
            "failed": false,
            "recordsAffected": 0,
            "tableName": "umbracoEngageAnalyticsRawClientSideData",
          },
          {
            "durationMs": 1,
            "errorMessage": null,
            "executor": "AnalyticsRawDataCleanupService",
            "failed": false,
            "recordsAffected": 0,
            "tableName": "umbracoEngageAnalyticsRawCustomPageviewData",
          },
          {
            "durationMs": 5,
            "errorMessage": null,
            "executor": "PageviewCleanupService",
            "failed": false,
            "recordsAffected": 0,
            "tableName": "umbracoEngageAnalyticsPageview",
          },
          {
            "durationMs": 3,
            "errorMessage": null,
            "executor": "SessionCleanupService",
            "failed": false,
            "recordsAffected": 0,
            "tableName": "umbracoEngageAnalyticsSession",
          },
          {
            "durationMs": 3,
            "errorMessage": null,
            "executor": "VisitorCleanupService",
            "failed": false,
            "recordsAffected": 0,
            "tableName": "umbracoEngageAnalyticsVisitor",
          },
          {
            "durationMs": 2,
            "errorMessage": null,
            "executor": "IpAddressCleanupService",
            "failed": false,
            "recordsAffected": 0,
            "tableName": "umbracoEngageAnalyticsIpAddress",
          },
          {
            "durationMs": 4,
            "errorMessage": null,
            "executor": "DeviceCleanupService",
            "failed": false,
            "recordsAffected": 0,
            "tableName": "umbracoEngageAnalyticsDevice",
          },
          {
            "durationMs": 3,
            "errorMessage": null,
            "executor": "PageVariantCleanupService",
            "failed": false,
            "recordsAffected": 0,
            "tableName": "umbracoEngageAnalyticsUmbracoPageVariant",
          },
          {
            "durationMs": 4,
            "errorMessage": null,
            "executor": "RemainingUmbracoFormsSubmissionCleanupService",
            "failed": false,
            "recordsAffected": 0,
            "tableName": "umbracoEngageAnalyticsUmbracoFormsField",
          },
        ],
        "failed": false,
        "finished": "2026-08-19T09:10:27.39Z",
        "runId": "ca5199c0-2de5-4c7f-a82a-f8a440413880",
        "started": "2026-08-19T09:10:27.3133333Z",
        "totalDurationMs": 44,
        "totalRecordsAffected": 0,
      },
      {
        "details": [
          {
            "durationMs": 16,
            "errorMessage": null,
            "executor": "AnalyticsDataAnonymizerService",
            "failed": false,
            "recordsAffected": 0,
            "tableName": "umbracoEngageAnalyticsSession",
          },
          {
            "durationMs": 2,
            "errorMessage": null,
            "executor": "AnalyticsControlGroupDataCleanupService",
            "failed": false,
            "recordsAffected": 0,
            "tableName": "umbracoEngagePersonalizationVisitorSegmentSettings",
          },
          {
            "durationMs": 4,
            "errorMessage": null,
            "executor": "AnalyticsRawDataCleanupService",
            "failed": false,
            "recordsAffected": 0,
            "tableName": "umbracoEngageAnalyticsRawClientSideData",
          },
          {
            "durationMs": 2,
            "errorMessage": null,
            "executor": "AnalyticsRawDataCleanupService",
            "failed": false,
            "recordsAffected": 0,
            "tableName": "umbracoEngageAnalyticsRawCustomPageviewData",
          },
          {
            "durationMs": 5,
            "errorMessage": null,
            "executor": "PageviewCleanupService",
            "failed": false,
            "recordsAffected": 0,
            "tableName": "umbracoEngageAnalyticsPageview",
          },
          {
            "durationMs": 3,
            "errorMessage": null,
            "executor": "SessionCleanupService",
            "failed": false,
            "recordsAffected": 0,
            "tableName": "umbracoEngageAnalyticsSession",
          },
          {
            "durationMs": 4,
            "errorMessage": null,
            "executor": "VisitorCleanupService",
            "failed": false,
            "recordsAffected": 0,
            "tableName": "umbracoEngageAnalyticsVisitor",
          },
          {
            "durationMs": 3,
            "errorMessage": null,
            "executor": "IpAddressCleanupService",
            "failed": false,
            "recordsAffected": 0,
            "tableName": "umbracoEngageAnalyticsIpAddress",
          },
          {
            "durationMs": 2,
            "errorMessage": null,
            "executor": "DeviceCleanupService",
            "failed": false,
            "recordsAffected": 0,
            "tableName": "umbracoEngageAnalyticsDevice",
          },
          {
            "durationMs": 4,
            "errorMessage": null,
            "executor": "PageVariantCleanupService",
            "failed": false,
            "recordsAffected": 0,
            "tableName": "umbracoEngageAnalyticsUmbracoPageVariant",
          },
          {
            "durationMs": 3,
            "errorMessage": null,
            "executor": "RemainingUmbracoFormsSubmissionCleanupService",
            "failed": false,
            "recordsAffected": 0,
            "tableName": "umbracoEngageAnalyticsUmbracoFormsField",
          },
        ],
        "failed": false,
        "finished": "2026-08-19T08:44:48.0866667Z",
        "runId": "a1ec00da-84b3-4d1e-8260-c6417242ec87",
        "started": "2026-08-19T08:44:48.0066667Z",
        "totalDurationMs": 48,
        "totalRecordsAffected": 0,
      },
      {
        "details": [
          {
            "durationMs": 18,
            "errorMessage": null,
            "executor": "AnalyticsDataAnonymizerService",
            "failed": false,
            "recordsAffected": 0,
            "tableName": "umbracoEngageAnalyticsSession",
          },
          {
            "durationMs": 4,
            "errorMessage": null,
            "executor": "AnalyticsControlGroupDataCleanupService",
            "failed": false,
            "recordsAffected": 0,
            "tableName": "umbracoEngagePersonalizationVisitorSegmentSettings",
          },
          {
            "durationMs": 7,
            "errorMessage": null,
            "executor": "AnalyticsRawDataCleanupService",
            "failed": false,
            "recordsAffected": 0,
            "tableName": "umbracoEngageAnalyticsRawClientSideData",
          },
          {
            "durationMs": 4,
            "errorMessage": null,
            "executor": "AnalyticsRawDataCleanupService",
            "failed": false,
            "recordsAffected": 0,
            "tableName": "umbracoEngageAnalyticsRawCustomPageviewData",
          },
          {
            "durationMs": 18,
            "errorMessage": null,
            "executor": "PageviewCleanupService",
            "failed": false,
            "recordsAffected": 0,
            "tableName": "umbracoEngageAnalyticsPageview",
          },
          {
            "durationMs": 8,
            "errorMessage": null,
            "executor": "SessionCleanupService",
            "failed": false,
            "recordsAffected": 0,
            "tableName": "umbracoEngageAnalyticsSession",
          },
          {
            "durationMs": 9,
            "errorMessage": null,
            "executor": "VisitorCleanupService",
            "failed": false,
            "recordsAffected": 0,
            "tableName": "umbracoEngageAnalyticsVisitor",
          },
          {
            "durationMs": 8,
            "errorMessage": null,
            "executor": "IpAddressCleanupService",
            "failed": false,
            "recordsAffected": 0,
            "tableName": "umbracoEngageAnalyticsIpAddress",
          },
          {
            "durationMs": 6,
            "errorMessage": null,
            "executor": "DeviceCleanupService",
            "failed": false,
            "recordsAffected": 0,
            "tableName": "umbracoEngageAnalyticsDevice",
          },
          {
            "durationMs": 11,
            "errorMessage": null,
            "executor": "PageVariantCleanupService",
            "failed": false,
            "recordsAffected": 0,
            "tableName": "umbracoEngageAnalyticsUmbracoPageVariant",
          },
          {
            "durationMs": 8,
            "errorMessage": null,
            "executor": "RemainingUmbracoFormsSubmissionCleanupService",
            "failed": false,
            "recordsAffected": 0,
            "tableName": "umbracoEngageAnalyticsUmbracoFormsField",
          },
        ],
        "failed": false,
        "finished": "2026-08-19T08:23:02.6266667Z",
        "runId": "68c7ae80-bc19-4b62-af29-c88241ff2505",
        "started": "2026-08-19T08:23:02.49Z",
        "totalDurationMs": 101,
        "totalRecordsAffected": 0,
      },
    ],
    "nextCursor": undefined,
    "total": 3,
  },
}
`;
