// Jest Snapshot v1, https://goo.gl/fbAQLP

exports[`get-data-cleanup-logs returns data-cleanup logs 1`] = `
{
  "content": [],
  "structuredContent": {
    "items": [
      {
        "durationMs": 0,
        "errorMessage": null,
        "executor": "RemainingUmbracoFormsSubmissionCleanupService",
        "failed": false,
        "finished": "NORMALIZED_DATE",
        "recordsAffected": 0,
        "runId": "00000000-0000-0000-0000-000000000000",
        "started": "NORMALIZED_DATE",
        "tableName": "umbracoEngageAnalyticsUmbracoFormsField",
      },
      {
        "durationMs": 0,
        "errorMessage": null,
        "executor": "PageVariantCleanupService",
        "failed": false,
        "finished": "NORMALIZED_DATE",
        "recordsAffected": 0,
        "runId": "00000000-0000-0000-0000-000000000000",
        "started": "NORMALIZED_DATE",
        "tableName": "umbracoEngageAnalyticsUmbracoPageVariant",
      },
      {
        "durationMs": 0,
        "errorMessage": null,
        "executor": "DeviceCleanupService",
        "failed": false,
        "finished": "NORMALIZED_DATE",
        "recordsAffected": 0,
        "runId": "00000000-0000-0000-0000-000000000000",
        "started": "NORMALIZED_DATE",
        "tableName": "umbracoEngageAnalyticsDevice",
      },
      {
        "durationMs": 0,
        "errorMessage": null,
        "executor": "IpAddressCleanupService",
        "failed": false,
        "finished": "NORMALIZED_DATE",
        "recordsAffected": 0,
        "runId": "00000000-0000-0000-0000-000000000000",
        "started": "NORMALIZED_DATE",
        "tableName": "umbracoEngageAnalyticsIpAddress",
      },
      {
        "durationMs": 0,
        "errorMessage": null,
        "executor": "VisitorCleanupService",
        "failed": false,
        "finished": "NORMALIZED_DATE",
        "recordsAffected": 0,
        "runId": "00000000-0000-0000-0000-000000000000",
        "started": "NORMALIZED_DATE",
        "tableName": "umbracoEngageAnalyticsVisitor",
      },
      {
        "durationMs": 0,
        "errorMessage": null,
        "executor": "SessionCleanupService",
        "failed": false,
        "finished": "NORMALIZED_DATE",
        "recordsAffected": 0,
        "runId": "00000000-0000-0000-0000-000000000000",
        "started": "NORMALIZED_DATE",
        "tableName": "umbracoEngageAnalyticsSession",
      },
      {
        "durationMs": 0,
        "errorMessage": null,
        "executor": "PageviewCleanupService",
        "failed": false,
        "finished": "NORMALIZED_DATE",
        "recordsAffected": 0,
        "runId": "00000000-0000-0000-0000-000000000000",
        "started": "NORMALIZED_DATE",
        "tableName": "umbracoEngageAnalyticsPageview",
      },
      {
        "durationMs": 0,
        "errorMessage": null,
        "executor": "AnalyticsRawDataCleanupService",
        "failed": false,
        "finished": "NORMALIZED_DATE",
        "recordsAffected": 0,
        "runId": "00000000-0000-0000-0000-000000000000",
        "started": "NORMALIZED_DATE",
        "tableName": "umbracoEngageAnalyticsRawCustomPageviewData",
      },
      {
        "durationMs": 0,
        "errorMessage": null,
        "executor": "AnalyticsRawDataCleanupService",
        "failed": false,
        "finished": "NORMALIZED_DATE",
        "recordsAffected": 0,
        "runId": "00000000-0000-0000-0000-000000000000",
        "started": "NORMALIZED_DATE",
        "tableName": "umbracoEngageAnalyticsRawClientSideData",
      },
      {
        "durationMs": 0,
        "errorMessage": null,
        "executor": "AnalyticsControlGroupDataCleanupService",
        "failed": false,
        "finished": "NORMALIZED_DATE",
        "recordsAffected": 0,
        "runId": "00000000-0000-0000-0000-000000000000",
        "started": "NORMALIZED_DATE",
        "tableName": "umbracoEngagePersonalizationVisitorSegmentSettings",
      },
      {
        "durationMs": 0,
        "errorMessage": null,
        "executor": "AnalyticsDataAnonymizerService",
        "failed": false,
        "finished": "NORMALIZED_DATE",
        "recordsAffected": 0,
        "runId": "00000000-0000-0000-0000-000000000000",
        "started": "NORMALIZED_DATE",
        "tableName": "umbracoEngageAnalyticsSession",
      },
      {
        "durationMs": 0,
        "errorMessage": null,
        "executor": "RemainingUmbracoFormsSubmissionCleanupService",
        "failed": false,
        "finished": "NORMALIZED_DATE",
        "recordsAffected": 0,
        "runId": "00000000-0000-0000-0000-000000000000",
        "started": "NORMALIZED_DATE",
        "tableName": "umbracoEngageAnalyticsUmbracoFormsField",
      },
      {
        "durationMs": 0,
        "errorMessage": null,
        "executor": "PageVariantCleanupService",
        "failed": false,
        "finished": "NORMALIZED_DATE",
        "recordsAffected": 0,
        "runId": "00000000-0000-0000-0000-000000000000",
        "started": "NORMALIZED_DATE",
        "tableName": "umbracoEngageAnalyticsUmbracoPageVariant",
      },
      {
        "durationMs": 0,
        "errorMessage": null,
        "executor": "DeviceCleanupService",
        "failed": false,
        "finished": "NORMALIZED_DATE",
        "recordsAffected": 0,
        "runId": "00000000-0000-0000-0000-000000000000",
        "started": "NORMALIZED_DATE",
        "tableName": "umbracoEngageAnalyticsDevice",
      },
      {
        "durationMs": 0,
        "errorMessage": null,
        "executor": "IpAddressCleanupService",
        "failed": false,
        "finished": "NORMALIZED_DATE",
        "recordsAffected": 0,
        "runId": "00000000-0000-0000-0000-000000000000",
        "started": "NORMALIZED_DATE",
        "tableName": "umbracoEngageAnalyticsIpAddress",
      },
      {
        "durationMs": 0,
        "errorMessage": null,
        "executor": "VisitorCleanupService",
        "failed": false,
        "finished": "NORMALIZED_DATE",
        "recordsAffected": 0,
        "runId": "00000000-0000-0000-0000-000000000000",
        "started": "NORMALIZED_DATE",
        "tableName": "umbracoEngageAnalyticsVisitor",
      },
      {
        "durationMs": 0,
        "errorMessage": null,
        "executor": "SessionCleanupService",
        "failed": false,
        "finished": "NORMALIZED_DATE",
        "recordsAffected": 0,
        "runId": "00000000-0000-0000-0000-000000000000",
        "started": "NORMALIZED_DATE",
        "tableName": "umbracoEngageAnalyticsSession",
      },
      {
        "durationMs": 0,
        "errorMessage": null,
        "executor": "PageviewCleanupService",
        "failed": false,
        "finished": "NORMALIZED_DATE",
        "recordsAffected": 0,
        "runId": "00000000-0000-0000-0000-000000000000",
        "started": "NORMALIZED_DATE",
        "tableName": "umbracoEngageAnalyticsPageview",
      },
      {
        "durationMs": 0,
        "errorMessage": null,
        "executor": "AnalyticsRawDataCleanupService",
        "failed": false,
        "finished": "NORMALIZED_DATE",
        "recordsAffected": 0,
        "runId": "00000000-0000-0000-0000-000000000000",
        "started": "NORMALIZED_DATE",
        "tableName": "umbracoEngageAnalyticsRawCustomPageviewData",
      },
      {
        "durationMs": 0,
        "errorMessage": null,
        "executor": "AnalyticsRawDataCleanupService",
        "failed": false,
        "finished": "NORMALIZED_DATE",
        "recordsAffected": 0,
        "runId": "00000000-0000-0000-0000-000000000000",
        "started": "NORMALIZED_DATE",
        "tableName": "umbracoEngageAnalyticsRawClientSideData",
      },
      {
        "durationMs": 0,
        "errorMessage": null,
        "executor": "AnalyticsControlGroupDataCleanupService",
        "failed": false,
        "finished": "NORMALIZED_DATE",
        "recordsAffected": 0,
        "runId": "00000000-0000-0000-0000-000000000000",
        "started": "NORMALIZED_DATE",
        "tableName": "umbracoEngagePersonalizationVisitorSegmentSettings",
      },
      {
        "durationMs": 0,
        "errorMessage": null,
        "executor": "AnalyticsDataAnonymizerService",
        "failed": false,
        "finished": "NORMALIZED_DATE",
        "recordsAffected": 0,
        "runId": "00000000-0000-0000-0000-000000000000",
        "started": "NORMALIZED_DATE",
        "tableName": "umbracoEngageAnalyticsSession",
      },
      {
        "durationMs": 0,
        "errorMessage": null,
        "executor": "RemainingUmbracoFormsSubmissionCleanupService",
        "failed": false,
        "finished": "NORMALIZED_DATE",
        "recordsAffected": 0,
        "runId": "00000000-0000-0000-0000-000000000000",
        "started": "NORMALIZED_DATE",
        "tableName": "umbracoEngageAnalyticsUmbracoFormsField",
      },
      {
        "durationMs": 0,
        "errorMessage": null,
        "executor": "PageVariantCleanupService",
        "failed": false,
        "finished": "NORMALIZED_DATE",
        "recordsAffected": 0,
        "runId": "00000000-0000-0000-0000-000000000000",
        "started": "NORMALIZED_DATE",
        "tableName": "umbracoEngageAnalyticsUmbracoPageVariant",
      },
      {
        "durationMs": 0,
        "errorMessage": null,
        "executor": "DeviceCleanupService",
        "failed": false,
        "finished": "NORMALIZED_DATE",
        "recordsAffected": 0,
        "runId": "00000000-0000-0000-0000-000000000000",
        "started": "NORMALIZED_DATE",
        "tableName": "umbracoEngageAnalyticsDevice",
      },
      {
        "durationMs": 0,
        "errorMessage": null,
        "executor": "IpAddressCleanupService",
        "failed": false,
        "finished": "NORMALIZED_DATE",
        "recordsAffected": 0,
        "runId": "00000000-0000-0000-0000-000000000000",
        "started": "NORMALIZED_DATE",
        "tableName": "umbracoEngageAnalyticsIpAddress",
      },
      {
        "durationMs": 0,
        "errorMessage": null,
        "executor": "VisitorCleanupService",
        "failed": false,
        "finished": "NORMALIZED_DATE",
        "recordsAffected": 0,
        "runId": "00000000-0000-0000-0000-000000000000",
        "started": "NORMALIZED_DATE",
        "tableName": "umbracoEngageAnalyticsVisitor",
      },
      {
        "durationMs": 0,
        "errorMessage": null,
        "executor": "SessionCleanupService",
        "failed": false,
        "finished": "NORMALIZED_DATE",
        "recordsAffected": 0,
        "runId": "00000000-0000-0000-0000-000000000000",
        "started": "NORMALIZED_DATE",
        "tableName": "umbracoEngageAnalyticsSession",
      },
      {
        "durationMs": 0,
        "errorMessage": null,
        "executor": "PageviewCleanupService",
        "failed": false,
        "finished": "NORMALIZED_DATE",
        "recordsAffected": 0,
        "runId": "00000000-0000-0000-0000-000000000000",
        "started": "NORMALIZED_DATE",
        "tableName": "umbracoEngageAnalyticsPageview",
      },
      {
        "durationMs": 0,
        "errorMessage": null,
        "executor": "AnalyticsRawDataCleanupService",
        "failed": false,
        "finished": "NORMALIZED_DATE",
        "recordsAffected": 0,
        "runId": "00000000-0000-0000-0000-000000000000",
        "started": "NORMALIZED_DATE",
        "tableName": "umbracoEngageAnalyticsRawCustomPageviewData",
      },
      {
        "durationMs": 0,
        "errorMessage": null,
        "executor": "AnalyticsRawDataCleanupService",
        "failed": false,
        "finished": "NORMALIZED_DATE",
        "recordsAffected": 0,
        "runId": "00000000-0000-0000-0000-000000000000",
        "started": "NORMALIZED_DATE",
        "tableName": "umbracoEngageAnalyticsRawClientSideData",
      },
      {
        "durationMs": 0,
        "errorMessage": null,
        "executor": "AnalyticsControlGroupDataCleanupService",
        "failed": false,
        "finished": "NORMALIZED_DATE",
        "recordsAffected": 0,
        "runId": "00000000-0000-0000-0000-000000000000",
        "started": "NORMALIZED_DATE",
        "tableName": "umbracoEngagePersonalizationVisitorSegmentSettings",
      },
      {
        "durationMs": 0,
        "errorMessage": null,
        "executor": "AnalyticsDataAnonymizerService",
        "failed": false,
        "finished": "NORMALIZED_DATE",
        "recordsAffected": 0,
        "runId": "00000000-0000-0000-0000-000000000000",
        "started": "NORMALIZED_DATE",
        "tableName": "umbracoEngageAnalyticsSession",
      },
      {
        "durationMs": 0,
        "errorMessage": null,
        "executor": "RemainingUmbracoFormsSubmissionCleanupService",
        "failed": false,
        "finished": "NORMALIZED_DATE",
        "recordsAffected": 0,
        "runId": "00000000-0000-0000-0000-000000000000",
        "started": "NORMALIZED_DATE",
        "tableName": "umbracoEngageAnalyticsUmbracoFormsField",
      },
      {
        "durationMs": 0,
        "errorMessage": null,
        "executor": "PageVariantCleanupService",
        "failed": false,
        "finished": "NORMALIZED_DATE",
        "recordsAffected": 0,
        "runId": "00000000-0000-0000-0000-000000000000",
        "started": "NORMALIZED_DATE",
        "tableName": "umbracoEngageAnalyticsUmbracoPageVariant",
      },
      {
        "durationMs": 0,
        "errorMessage": null,
        "executor": "DeviceCleanupService",
        "failed": false,
        "finished": "NORMALIZED_DATE",
        "recordsAffected": 0,
        "runId": "00000000-0000-0000-0000-000000000000",
        "started": "NORMALIZED_DATE",
        "tableName": "umbracoEngageAnalyticsDevice",
      },
      {
        "durationMs": 0,
        "errorMessage": null,
        "executor": "IpAddressCleanupService",
        "failed": false,
        "finished": "NORMALIZED_DATE",
        "recordsAffected": 0,
        "runId": "00000000-0000-0000-0000-000000000000",
        "started": "NORMALIZED_DATE",
        "tableName": "umbracoEngageAnalyticsIpAddress",
      },
      {
        "durationMs": 0,
        "errorMessage": null,
        "executor": "VisitorCleanupService",
        "failed": false,
        "finished": "NORMALIZED_DATE",
        "recordsAffected": 0,
        "runId": "00000000-0000-0000-0000-000000000000",
        "started": "NORMALIZED_DATE",
        "tableName": "umbracoEngageAnalyticsVisitor",
      },
      {
        "durationMs": 0,
        "errorMessage": null,
        "executor": "SessionCleanupService",
        "failed": false,
        "finished": "NORMALIZED_DATE",
        "recordsAffected": 0,
        "runId": "00000000-0000-0000-0000-000000000000",
        "started": "NORMALIZED_DATE",
        "tableName": "umbracoEngageAnalyticsSession",
      },
      {
        "durationMs": 0,
        "errorMessage": null,
        "executor": "PageviewCleanupService",
        "failed": false,
        "finished": "NORMALIZED_DATE",
        "recordsAffected": 0,
        "runId": "00000000-0000-0000-0000-000000000000",
        "started": "NORMALIZED_DATE",
        "tableName": "umbracoEngageAnalyticsPageview",
      },
      {
        "durationMs": 0,
        "errorMessage": null,
        "executor": "AnalyticsRawDataCleanupService",
        "failed": false,
        "finished": "NORMALIZED_DATE",
        "recordsAffected": 0,
        "runId": "00000000-0000-0000-0000-000000000000",
        "started": "NORMALIZED_DATE",
        "tableName": "umbracoEngageAnalyticsRawCustomPageviewData",
      },
      {
        "durationMs": 0,
        "errorMessage": null,
        "executor": "AnalyticsRawDataCleanupService",
        "failed": false,
        "finished": "NORMALIZED_DATE",
        "recordsAffected": 0,
        "runId": "00000000-0000-0000-0000-000000000000",
        "started": "NORMALIZED_DATE",
        "tableName": "umbracoEngageAnalyticsRawClientSideData",
      },
      {
        "durationMs": 0,
        "errorMessage": null,
        "executor": "AnalyticsControlGroupDataCleanupService",
        "failed": false,
        "finished": "NORMALIZED_DATE",
        "recordsAffected": 0,
        "runId": "00000000-0000-0000-0000-000000000000",
        "started": "NORMALIZED_DATE",
        "tableName": "umbracoEngagePersonalizationVisitorSegmentSettings",
      },
      {
        "durationMs": 0,
        "errorMessage": null,
        "executor": "AnalyticsDataAnonymizerService",
        "failed": false,
        "finished": "NORMALIZED_DATE",
        "recordsAffected": 0,
        "runId": "00000000-0000-0000-0000-000000000000",
        "started": "NORMALIZED_DATE",
        "tableName": "umbracoEngageAnalyticsSession",
      },
    ],
    "nextCursor": undefined,
    "total": 44,
  },
}
`;
