// Jest Snapshot v1, https://jestjs.io/docs/snapshot-testing

exports[`get-ab-test-variant returns an empty body rather than throwing for a non-existent id 1`] = `
{
  "content": [
    {
      "text": "",
      "type": "text",
    },
  ],
}
`;

exports[`get-ab-test-variant returns the real, persisted variant data for a real id 1`] = `
{
  "content": [],
  "structuredContent": {
    "abTestId": 0,
    "created": "NORMALIZED_DATE",
    "createdByUmbracoUserKey": "00000000-0000-0000-0000-000000000000",
    "css": "",
    "description": "",
    "disabled": null,
    "disabledByUmbracoUserKey": null,
    "id": "00000000-0000-0000-0000-000000000000",
    "isBenchmark": false,
    "isDisabled": false,
    "javascript": "",
    "name": "",
    "redirectNodeKey": null,
    "segment": "engage_ab-testing_NORMALIZED_ID",
    "totalPageviewsForVariant": 0,
    "totalVisitorsForVariant": 0,
    "unique": "00000000-0000-0000-0000-000000000000",
  },
}
`;
