// Jest Snapshot v1, https://jestjs.io/docs/snapshot-testing

exports[`post-ab-test-variant-disable really disables a real, persisted variant — isDisabled flips to true afterwards 1`] = `
{
  "content": [],
  "structuredContent": {
    "abTestId": 0,
    "created": "NORMALIZED_DATE",
    "createdByUmbracoUserKey": "00000000-0000-0000-0000-000000000000",
    "css": "",
    "description": "",
    "disabled": "NORMALIZED_DATE",
    "disabledByUmbracoUserKey": "00000000-0000-0000-0000-000000000000",
    "id": "00000000-0000-0000-0000-000000000000",
    "isBenchmark": false,
    "isDisabled": true,
    "javascript": "",
    "name": "",
    "redirectNodeKey": null,
    "segment": "engage_ab-testing_NORMALIZED_ID",
    "totalPageviewsForVariant": 0,
    "totalVisitorsForVariant": 0,
    "unique": "00000000-0000-0000-0000-000000000000",
  },
}
`;
