// Jest Snapshot v1, https://jestjs.io/docs/snapshot-testing

exports[`post-ab-test-variant-create creates a real, additional variant against a real, persisted parent A/B test 1`] = `
{
  "content": [],
  "structuredContent": {
    "abTestId": 0,
    "created": "NORMALIZED_DATE",
    "createdByUmbracoUserKey": "00000000-0000-0000-0000-000000000000",
    "css": "",
    "description": "",
    "disabled": null,
    "disabledByUmbracoUserKey": null,
    "id": "00000000-0000-0000-0000-000000000000",
    "isBenchmark": false,
    "isDisabled": false,
    "javascript": "",
    "name": "",
    "redirectNodeKey": null,
    "segment": "engage_ab-testing_NORMALIZED_ID",
    "totalPageviewsForVariant": 0,
    "totalVisitorsForVariant": 0,
    "unique": "00000000-0000-0000-0000-000000000000",
  },
}
`;
