// Jest Snapshot v1, https://goo.gl/fbAQLP

exports[`get-reporting-generation-status returns reporting generation status 1`] = `
{
  "content": [],
  "structuredContent": {
    "databaseIsRunningStatus": false,
    "isGenerating": false,
    "lastGenerated": "2026-08-19T08:20:02.5133333Z",
    "reportingTablesExist": true,
  },
}
`;
