// Jest Snapshot v1, https://jestjs.io/docs/snapshot-testing

exports[`get-reporting-generation-status returns reporting generation status 1`] = `
{
  "content": [],
  "structuredContent": {
    "databaseIsRunningStatus": false,
    "isGenerating": false,
    "lastGenerated": "NORMALIZED_DATE",
    "reportingTablesExist": true,
  },
}
`;
