// Jest Snapshot v1, https://jestjs.io/docs/snapshot-testing

exports[`get-content-types-all returns all Engage content types 1`] = `
{
  "content": [],
  "structuredContent": {
    "items": [
      {
        "alias": "testContentBase",
        "id": "00000000-0000-0000-0000-000000000000",
        "name": "Test Content Base",
      },
    ],
  },
}
`;
