// Jest Snapshot v1, https://jestjs.io/docs/snapshot-testing

exports[`get-campaign-group-visitors returns campaign group visitor counts 1`] = `
{
  "content": [],
  "structuredContent": {},
}
`;

exports[`get-campaign-group-visitors returns campaign group visitor counts without an amountOfDays filter 1`] = `
{
  "content": [],
  "structuredContent": {},
}
`;
