// Jest Snapshot v1, https://jestjs.io/docs/snapshot-testing

exports[`get-campaign-group returns a campaign group by id 1`] = `
{
  "content": [],
  "structuredContent": {
    "campaigns": [],
    "created": "NORMALIZED_DATE",
    "customerJourneyScoring": [],
    "description": "",
    "id": 0,
    "invalid": false,
    "name": "_Test Campaign Group - get",
    "personaScoring": [],
    "unique": "00000000-0000-0000-0000-000000000000",
  },
}
`;
