// Jest Snapshot v1, https://jestjs.io/docs/snapshot-testing

exports[`post-campaign-group creates a new campaign group 1`] = `
{
  "content": [],
  "structuredContent": {
    "campaigns": [],
    "created": "NORMALIZED_DATE",
    "customerJourneyScoring": [],
    "description": "",
    "id": 0,
    "invalid": false,
    "name": "",
    "personaScoring": [],
    "unique": "00000000-0000-0000-0000-000000000000",
  },
}
`;
