// Jest Snapshot v1, https://goo.gl/fbAQLP

exports[`get-cockpit-auth-domains returns whitelisted Cockpit domains 1`] = `
{
  "content": [],
  "structuredContent": {
    "domains": [
      {
        "languageIsoCode": "en-US",
        "name": "https://localhost:44448",
        "rootContentId": 1105,
      },
    ],
  },
}
`;
